Info: Starting: Create HDL design files for synthesis
Info: qsys-generate C:\Perforce\Main\Computer_Systems\DE1-SoC\DE1-SoC_Computer\verilog\Computer_System.qsys --synthesis=VERILOG --output-directory=C:\Perforce\Main\Computer_Systems\DE1-SoC\DE1-SoC_Computer\verilog\Computer_System\synthesis --family="Cyclone V" --part=5CSEMA5F31C6
Progress: Loading verilog/Computer_System.qsys
Progress: Reading input file
Progress: Adding ADC [altera_up_avalon_adc 18.0]
Progress: Parameterizing module ADC
Progress: Adding ARM_A9_HPS [altera_hps 21.1]
Progress: Parameterizing module ARM_A9_HPS
Progress: Adding AV_Config [altera_up_avalon_audio_and_video_config 18.0]
Progress: Parameterizing module AV_Config
Progress: Adding Audio_Subsystem [Audio_Subsystem 1.0]
Progress: Parameterizing module Audio_Subsystem
Progress: Adding Char_DMA_Addr_Translation [altera_up_avalon_video_dma_ctrl_addr_trans 18.0]
Progress: Parameterizing module Char_DMA_Addr_Translation
Progress: Adding Expansion_JP1 [altera_avalon_pio 21.1]
Progress: Parameterizing module Expansion_JP1
Progress: Adding Expansion_JP2 [altera_avalon_pio 21.1]
Progress: Parameterizing module Expansion_JP2
Progress: Adding F2H_Mem_Window_00000000 [altera_address_span_extender 21.1]
Progress: Parameterizing module F2H_Mem_Window_00000000
Progress: Adding F2H_Mem_Window_FF600000 [altera_address_span_extender 21.1]
Progress: Parameterizing module F2H_Mem_Window_FF600000
Progress: Adding F2H_Mem_Window_FF800000 [altera_address_span_extender 21.1]
Progress: Parameterizing module F2H_Mem_Window_FF800000
Progress: Adding HEX3_HEX0 [altera_avalon_pio 21.1]
Progress: Parameterizing module HEX3_HEX0
Progress: Adding HEX5_HEX4 [altera_avalon_pio 21.1]
Progress: Parameterizing module HEX5_HEX4
Progress: Adding Interval_Timer [altera_avalon_timer 21.1]
Progress: Parameterizing module Interval_Timer
Progress: Adding Interval_Timer_2 [altera_avalon_timer 21.1]
Progress: Parameterizing module Interval_Timer_2
Progress: Adding Interval_Timer_2nd_Core [altera_avalon_timer 21.1]
Progress: Parameterizing module Interval_Timer_2nd_Core
Progress: Adding Interval_Timer_2nd_Core_2 [altera_avalon_timer 21.1]
Progress: Parameterizing module Interval_Timer_2nd_Core_2
Progress: Adding IrDA [altera_up_avalon_irda 18.0]
Progress: Parameterizing module IrDA
Progress: Adding JTAG_UART [altera_avalon_jtag_uart 21.1]
Progress: Parameterizing module JTAG_UART
Progress: Adding JTAG_UART_2nd_Core [altera_avalon_jtag_uart 21.1]
Progress: Parameterizing module JTAG_UART_2nd_Core
Progress: Adding JTAG_UART_for_ARM_0 [altera_avalon_jtag_uart 21.1]
Progress: Parameterizing module JTAG_UART_for_ARM_0
Progress: Adding JTAG_UART_for_ARM_1 [altera_avalon_jtag_uart 21.1]
Progress: Parameterizing module JTAG_UART_for_ARM_1
Progress: Adding JTAG_to_FPGA_Bridge [altera_jtag_avalon_master 21.1]
Progress: Parameterizing module JTAG_to_FPGA_Bridge
Progress: Adding JTAG_to_HPS_Bridge [altera_jtag_avalon_master 21.1]
Progress: Parameterizing module JTAG_to_HPS_Bridge
Progress: Adding LEDs [altera_avalon_pio 21.1]
Progress: Parameterizing module LEDs
Progress: Adding Nios2 [altera_nios2_gen2 21.1]
Progress: Parameterizing module Nios2
Progress: Adding Nios2_2nd_Core [altera_nios2_gen2 21.1]
Progress: Parameterizing module Nios2_2nd_Core
Progress: Adding Nios2_2nd_Core_Floating_Point [altera_nios_custom_instr_floating_point 21.1]
Progress: Parameterizing module Nios2_2nd_Core_Floating_Point
Progress: Adding Nios2_Floating_Point [altera_nios_custom_instr_floating_point 21.1]
Progress: Parameterizing module Nios2_Floating_Point
Progress: Adding Onchip_SRAM [altera_avalon_onchip_memory2 21.1]
Progress: Parameterizing module Onchip_SRAM
Progress: Adding PS2_Port [altera_up_avalon_ps2 18.0]
Progress: Parameterizing module PS2_Port
Progress: Adding PS2_Port_Dual [altera_up_avalon_ps2 18.0]
Progress: Parameterizing module PS2_Port_Dual
Progress: Adding Pixel_DMA_Addr_Translation [altera_up_avalon_video_dma_ctrl_addr_trans 18.0]
Progress: Parameterizing module Pixel_DMA_Addr_Translation
Progress: Adding Pushbuttons [altera_avalon_pio 21.1]
Progress: Parameterizing module Pushbuttons
Progress: Adding SDRAM [sdram_64mb 1.0]
Progress: Parameterizing module SDRAM
Progress: Adding Slider_Switches [altera_avalon_pio 21.1]
Progress: Parameterizing module Slider_Switches
Progress: Adding SysID [altera_avalon_sysid_qsys 21.1]
Progress: Parameterizing module SysID
Progress: Adding System_PLL [altera_up_avalon_sys_sdram_pll 18.0]
Progress: Parameterizing module System_PLL
Progress: Adding VGA_Subsystem [VGA_Subsystem 1.0]
Progress: Parameterizing module VGA_Subsystem
Progress: Adding Video_In_DMA_Addr_Translation [altera_up_avalon_video_dma_ctrl_addr_trans 18.0]
Progress: Parameterizing module Video_In_DMA_Addr_Translation
Progress: Adding Video_In_Subsystem [Video_In_Subsystem 1.0]
Progress: Parameterizing module Video_In_Subsystem
Progress: Adding Video_PLL [altera_up_avalon_video_pll 18.0]
Progress: Parameterizing module Video_PLL
Progress: Building connections
Progress: Parameterizing connections
Progress: Validating
Progress: Done reading input file
Info: Computer_System.ARM_A9_HPS: HPS Main PLL counter settings: n = 0  m = 73
Info: Computer_System.ARM_A9_HPS: HPS peripherial PLL counter settings: n = 0  m = 39
Warning: Computer_System.ARM_A9_HPS: "Configuration/HPS-to-FPGA user 0 clock frequency" (desired_cfg_clk_mhz) requested 100.0 MHz, but only achieved 97.368421 MHz
Warning: Computer_System.ARM_A9_HPS: "QSPI clock frequency" (desired_qspi_clk_mhz) requested 400.0 MHz, but only achieved 370.0 MHz
Warning: Computer_System.ARM_A9_HPS: 1 or more output clock frequencies cannot be achieved precisely, consider revising desired output clock frequencies.
Warning: Computer_System.Char_DMA_Addr_Translation.master: Master needs a minimum address width of 3 bits (has 2)
Info: Computer_System.JTAG_UART: JTAG UART IP input clock need to be at least double (2x) the operating frequency of JTAG TCK on board
Info: Computer_System.JTAG_UART_2nd_Core: JTAG UART IP input clock need to be at least double (2x) the operating frequency of JTAG TCK on board
Info: Computer_System.JTAG_UART_for_ARM_0: JTAG UART IP input clock need to be at least double (2x) the operating frequency of JTAG TCK on board
Info: Computer_System.JTAG_UART_for_ARM_1: JTAG UART IP input clock need to be at least double (2x) the operating frequency of JTAG TCK on board
Warning: Computer_System.Pixel_DMA_Addr_Translation.master: Master needs a minimum address width of 3 bits (has 2)
Info: Computer_System.SysID: System ID is not assigned automatically. Edit the System ID parameter to provide a unique ID
Info: Computer_System.SysID: Time stamp will be automatically updated when this component is generated.
Info: Computer_System.System_PLL: Refclk Freq: 50.0
Info: Computer_System.VGA_Subsystem.Char_Buf_Subsystem.Char_Buf_RGB_Resampler: RGB Resampling: 1 (bits) x 1 (planes) -> 10 (bits) x 4 (planes)
Info: Computer_System.VGA_Subsystem.Char_Buf_Subsystem.Char_Buf_Scaler: Change in Resolution: 80 x 60 -> 640 x 480
Warning: Computer_System.VGA_Subsystem.Char_Buf_Subsystem.Char_Buf_RGB_Resampler: Char_Buf_RGB_Resampler.avalon_rgb_slave must be connected to an Avalon-MM master
Info: Computer_System.VGA_Subsystem.VGA_Controller: Video Output Stream: Format: 640 x 480 with Color: 10 (bits) x 3 (planes) converted to 8 (bits) per color plane
Info: Computer_System.VGA_Subsystem.VGA_Pixel_RGB_Resampler: RGB Resampling: 16 (bits) x 1 (planes) -> 10 (bits) x 3 (planes)
Info: Computer_System.VGA_Subsystem.VGA_Pixel_Scaler: Change in Resolution: 320 x 240 -> 640 x 480
Info: Computer_System.VGA_Subsystem.VGA_Pixel_Scaler.avalon_scaler_source/VGA_Alpha_Blender.avalon_background_sink: The source has a channel signal of 2 bits, but the sink does not. Avalon-ST Adapter will be inserted.
Warning: Computer_System.Video_In_DMA_Addr_Translation.master: Master needs a minimum address width of 3 bits (has 2)
Info: Computer_System.Video_In_Subsystem.Video_In: Video In Stream: Format: 720 x 244 (Odd Frames) or 720 x 243 (Even Frames) with Colour: 8 (bits) x 2 (planes) (YCrCb 4:2:2)
Info: Computer_System.Video_In_Subsystem.Video_In_CSC: Colour Space Conversion: 8 (bits) x 3 (planes) (444 YCrCb) -> 8 (bits) x 3 (planes) (24-bit RGB)
Info: Computer_System.Video_In_Subsystem.Video_In_Chroma_Resampler: Chroma Resampling: 8 (bits) x 2 (planes) -> 8 (bits) x 3 (planes)
Info: Computer_System.Video_In_Subsystem.Video_In_Clipper: Change in Resolution: 720 x 244 -> 640 x 240
Info: Computer_System.Video_In_Subsystem.Video_In_Edge_Detection_Subsystem.Chroma_Filter: Chroma Resampling: 8 (bits) x 3 (planes) -> 8 (bits) x 1 (planes)
Info: Computer_System.Video_In_Subsystem.Video_In_Edge_Detection_Subsystem.Chroma_Upsampler: Chroma Resampling: 8 (bits) x 1 (planes) -> 8 (bits) x 3 (planes)
Info: Computer_System.Video_In_Subsystem.Video_In_RGB_Resampler: RGB Resampling: 8 (bits) x 3 (planes) -> 16 (bits) x 1 (planes)
Info: Computer_System.Video_In_Subsystem.Video_In_Scaler: Change in Resolution: 640 x 240 -> 320 x 240
Warning: Computer_System.Video_In_Subsystem.Video_In_RGB_Resampler: Video_In_RGB_Resampler.avalon_rgb_slave must be connected to an Avalon-MM master
Warning: Computer_System.ARM_A9_HPS: ARM_A9_HPS.f2h_stm_hw_events must be exported, or connected to a matching conduit.
Info: Computer_System: Generating Computer_System "Computer_System" for QUARTUS_SYNTH
Warning: ARM_A9_HPS.f2h_irq0: Cannot connect clock for irq_mapper.sender
Warning: ARM_A9_HPS.f2h_irq0: Cannot connect reset for irq_mapper.sender
Warning: ARM_A9_HPS.f2h_irq1: Cannot connect clock for irq_mapper_001.sender
Warning: ARM_A9_HPS.f2h_irq1: Cannot connect reset for irq_mapper_001.sender
Warning: Computer_System: "No matching role found for Nios2_custom_instruction_master_translator:ci_slave:ci_slave_result (result)"
Warning: Computer_System: "No matching role found for Nios2_custom_instruction_master_multi_xconnect:ci_slave:ci_slave_ipending (ipending)"
Warning: Computer_System: "No matching role found for Nios2_custom_instruction_master_multi_xconnect:ci_slave:ci_slave_estatus (estatus)"
Warning: Computer_System: "No matching role found for Nios2_2nd_Core_custom_instruction_master_translator:ci_slave:ci_slave_result (result)"
Warning: Computer_System: "No matching role found for Nios2_2nd_Core_custom_instruction_master_multi_xconnect:ci_slave:ci_slave_ipending (ipending)"
Warning: Computer_System: "No matching role found for Nios2_2nd_Core_custom_instruction_master_multi_xconnect:ci_slave:ci_slave_estatus (estatus)"
Info: ADC: Starting Generation of ADC Controller for DE-series Board
Info: ADC: C:/intelfpga/21.1/ip/altera/university_program/input_output/altera_up_avalon_adc/hdl/altera_up_avalon_adv_adc.v C:/Users/bfort/AppData/Local/Temp/alt8964_1077092410478140525.dir/0002_sopcgen/Computer_System_ADC.v
Info: ADC: "Computer_System" instantiated altera_up_avalon_adc "ADC"
Info: ARM_A9_HPS: "Running  for module: ARM_A9_HPS"
Info: ARM_A9_HPS: HPS Main PLL counter settings: n = 0  m = 73
Info: ARM_A9_HPS: HPS peripherial PLL counter settings: n = 0  m = 39
Warning: ARM_A9_HPS: "Configuration/HPS-to-FPGA user 0 clock frequency" (desired_cfg_clk_mhz) requested 100.0 MHz, but only achieved 97.368421 MHz
Warning: ARM_A9_HPS: "QSPI clock frequency" (desired_qspi_clk_mhz) requested 400.0 MHz, but only achieved 370.0 MHz
Warning: ARM_A9_HPS: 1 or more output clock frequencies cannot be achieved precisely, consider revising desired output clock frequencies.
Info: ARM_A9_HPS: "Computer_System" instantiated altera_hps "ARM_A9_HPS"
Info: AV_Config: Starting Generation of Audio and Video Config
Info: AV_Config: "Computer_System" instantiated altera_up_avalon_audio_and_video_config "AV_Config"
Info: Audio_Subsystem: "Computer_System" instantiated Audio_Subsystem "Audio_Subsystem"
Info: Char_DMA_Addr_Translation: "Computer_System" instantiated altera_up_avalon_video_dma_ctrl_addr_trans "Char_DMA_Addr_Translation"
Info: Expansion_JP1: Starting RTL generation for module 'Computer_System_Expansion_JP1'
Info: Expansion_JP1:   Generation command is [exec C:/intelfpga/21.1/quartus/bin64/perl/bin/perl.exe -I C:/intelfpga/21.1/quartus/bin64/perl/lib -I C:/intelfpga/21.1/quartus/sopc_builder/bin/europa -I C:/intelfpga/21.1/quartus/sopc_builder/bin -I C:/intelfpga/21.1/quartus/../ip/altera/sopc_builder_ip/common -I C:/intelfpga/21.1/quartus/../ip/altera/sopc_builder_ip/altera_avalon_pio -- C:/intelfpga/21.1/quartus/../ip/altera/sopc_builder_ip/altera_avalon_pio/generate_rtl.pl --name=Computer_System_Expansion_JP1 --dir=C:/Users/bfort/AppData/Local/Temp/alt8964_1077092410478140525.dir/0007_Expansion_JP1_gen/ --quartus_dir=C:/intelfpga/21.1/quartus --verilog --config=C:/Users/bfort/AppData/Local/Temp/alt8964_1077092410478140525.dir/0007_Expansion_JP1_gen//Computer_System_Expansion_JP1_component_configuration.pl  --do_build_sim=0  ]
Info: Expansion_JP1: Done RTL generation for module 'Computer_System_Expansion_JP1'
Info: Expansion_JP1: "Computer_System" instantiated altera_avalon_pio "Expansion_JP1"
Info: F2H_Mem_Window_00000000: "Computer_System" instantiated altera_address_span_extender "F2H_Mem_Window_00000000"
Info: HEX3_HEX0: Starting RTL generation for module 'Computer_System_HEX3_HEX0'
Info: HEX3_HEX0:   Generation command is [exec C:/intelfpga/21.1/quartus/bin64/perl/bin/perl.exe -I C:/intelfpga/21.1/quartus/bin64/perl/lib -I C:/intelfpga/21.1/quartus/sopc_builder/bin/europa -I C:/intelfpga/21.1/quartus/sopc_builder/bin -I C:/intelfpga/21.1/quartus/../ip/altera/sopc_builder_ip/common -I C:/intelfpga/21.1/quartus/../ip/altera/sopc_builder_ip/altera_avalon_pio -- C:/intelfpga/21.1/quartus/../ip/altera/sopc_builder_ip/altera_avalon_pio/generate_rtl.pl --name=Computer_System_HEX3_HEX0 --dir=C:/Users/bfort/AppData/Local/Temp/alt8964_1077092410478140525.dir/0009_HEX3_HEX0_gen/ --quartus_dir=C:/intelfpga/21.1/quartus --verilog --config=C:/Users/bfort/AppData/Local/Temp/alt8964_1077092410478140525.dir/0009_HEX3_HEX0_gen//Computer_System_HEX3_HEX0_component_configuration.pl  --do_build_sim=0  ]
Info: HEX3_HEX0: Done RTL generation for module 'Computer_System_HEX3_HEX0'
Info: HEX3_HEX0: "Computer_System" instantiated altera_avalon_pio "HEX3_HEX0"
Info: HEX5_HEX4: Starting RTL generation for module 'Computer_System_HEX5_HEX4'
Info: HEX5_HEX4:   Generation command is [exec C:/intelfpga/21.1/quartus/bin64/perl/bin/perl.exe -I C:/intelfpga/21.1/quartus/bin64/perl/lib -I C:/intelfpga/21.1/quartus/sopc_builder/bin/europa -I C:/intelfpga/21.1/quartus/sopc_builder/bin -I C:/intelfpga/21.1/quartus/../ip/altera/sopc_builder_ip/common -I C:/intelfpga/21.1/quartus/../ip/altera/sopc_builder_ip/altera_avalon_pio -- C:/intelfpga/21.1/quartus/../ip/altera/sopc_builder_ip/altera_avalon_pio/generate_rtl.pl --name=Computer_System_HEX5_HEX4 --dir=C:/Users/bfort/AppData/Local/Temp/alt8964_1077092410478140525.dir/0010_HEX5_HEX4_gen/ --quartus_dir=C:/intelfpga/21.1/quartus --verilog --config=C:/Users/bfort/AppData/Local/Temp/alt8964_1077092410478140525.dir/0010_HEX5_HEX4_gen//Computer_System_HEX5_HEX4_component_configuration.pl  --do_build_sim=0  ]
Info: HEX5_HEX4: Done RTL generation for module 'Computer_System_HEX5_HEX4'
Info: HEX5_HEX4: "Computer_System" instantiated altera_avalon_pio "HEX5_HEX4"
Info: Interval_Timer: Starting RTL generation for module 'Computer_System_Interval_Timer'
Info: Interval_Timer:   Generation command is [exec C:/intelFPGA/21.1/quartus/bin64//perl/bin/perl.exe -I C:/intelFPGA/21.1/quartus/bin64//perl/lib -I C:/intelfpga/21.1/quartus/sopc_builder/bin/europa -I C:/intelfpga/21.1/quartus/sopc_builder/bin -I C:/intelfpga/21.1/quartus/../ip/altera/sopc_builder_ip/common -I C:/intelfpga/21.1/quartus/../ip/altera/sopc_builder_ip/altera_avalon_timer -- C:/intelfpga/21.1/quartus/../ip/altera/sopc_builder_ip/altera_avalon_timer/generate_rtl.pl --name=Computer_System_Interval_Timer --dir=C:/Users/bfort/AppData/Local/Temp/alt8964_1077092410478140525.dir/0011_Interval_Timer_gen/ --quartus_dir=C:/intelfpga/21.1/quartus --verilog --config=C:/Users/bfort/AppData/Local/Temp/alt8964_1077092410478140525.dir/0011_Interval_Timer_gen//Computer_System_Interval_Timer_component_configuration.pl  --do_build_sim=0  ]
Info: Interval_Timer: Done RTL generation for module 'Computer_System_Interval_Timer'
Info: Interval_Timer: "Computer_System" instantiated altera_avalon_timer "Interval_Timer"
Info: IrDA: Starting Generation of RS232 UART
Info: IrDA: "Computer_System" instantiated altera_up_avalon_irda "IrDA"
Info: JTAG_UART: Starting RTL generation for module 'Computer_System_JTAG_UART'
Info: JTAG_UART:   Generation command is [exec C:/intelfpga/21.1/quartus/bin64/perl/bin/perl.exe -I C:/intelfpga/21.1/quartus/bin64/perl/lib -I C:/intelfpga/21.1/quartus/sopc_builder/bin/europa -I C:/intelfpga/21.1/quartus/sopc_builder/bin -I C:/intelfpga/21.1/quartus/../ip/altera/sopc_builder_ip/common -I C:/intelfpga/21.1/quartus/../ip/altera/sopc_builder_ip/altera_avalon_jtag_uart -- C:/intelfpga/21.1/quartus/../ip/altera/sopc_builder_ip/altera_avalon_jtag_uart/generate_rtl.pl --name=Computer_System_JTAG_UART --dir=C:/Users/bfort/AppData/Local/Temp/alt8964_1077092410478140525.dir/0013_JTAG_UART_gen/ --quartus_dir=C:/intelfpga/21.1/quartus --verilog --config=C:/Users/bfort/AppData/Local/Temp/alt8964_1077092410478140525.dir/0013_JTAG_UART_gen//Computer_System_JTAG_UART_component_configuration.pl  --do_build_sim=0  ]
Info: JTAG_UART: Done RTL generation for module 'Computer_System_JTAG_UART'
Info: JTAG_UART: "Computer_System" instantiated altera_avalon_jtag_uart "JTAG_UART"
Info: JTAG_to_FPGA_Bridge: "Computer_System" instantiated altera_jtag_avalon_master "JTAG_to_FPGA_Bridge"
Info: LEDs: Starting RTL generation for module 'Computer_System_LEDs'
Info: LEDs:   Generation command is [exec C:/intelfpga/21.1/quartus/bin64/perl/bin/perl.exe -I C:/intelfpga/21.1/quartus/bin64/perl/lib -I C:/intelfpga/21.1/quartus/sopc_builder/bin/europa -I C:/intelfpga/21.1/quartus/sopc_builder/bin -I C:/intelfpga/21.1/quartus/../ip/altera/sopc_builder_ip/common -I C:/intelfpga/21.1/quartus/../ip/altera/sopc_builder_ip/altera_avalon_pio -- C:/intelfpga/21.1/quartus/../ip/altera/sopc_builder_ip/altera_avalon_pio/generate_rtl.pl --name=Computer_System_LEDs --dir=C:/Users/bfort/AppData/Local/Temp/alt8964_1077092410478140525.dir/0014_LEDs_gen/ --quartus_dir=C:/intelfpga/21.1/quartus --verilog --config=C:/Users/bfort/AppData/Local/Temp/alt8964_1077092410478140525.dir/0014_LEDs_gen//Computer_System_LEDs_component_configuration.pl  --do_build_sim=0  ]
Info: LEDs: Done RTL generation for module 'Computer_System_LEDs'
Info: LEDs: "Computer_System" instantiated altera_avalon_pio "LEDs"
Info: Nios2: "Computer_System" instantiated altera_nios2_gen2 "Nios2"
Info: Nios2_2nd_Core: "Computer_System" instantiated altera_nios2_gen2 "Nios2_2nd_Core"
Info: Nios2_2nd_Core_Floating_Point: "Computer_System" instantiated altera_nios_custom_instr_floating_point "Nios2_2nd_Core_Floating_Point"
Info: Onchip_SRAM: Starting RTL generation for module 'Computer_System_Onchip_SRAM'
Info: Onchip_SRAM:   Generation command is [exec C:/intelfpga/21.1/quartus/bin64/perl/bin/perl.exe -I C:/intelfpga/21.1/quartus/bin64/perl/lib -I C:/intelfpga/21.1/quartus/sopc_builder/bin/europa -I C:/intelfpga/21.1/quartus/sopc_builder/bin -I C:/intelfpga/21.1/quartus/../ip/altera/sopc_builder_ip/common -I C:/intelfpga/21.1/quartus/../ip/altera/sopc_builder_ip/altera_avalon_onchip_memory2 -- C:/intelfpga/21.1/quartus/../ip/altera/sopc_builder_ip/altera_avalon_onchip_memory2/generate_rtl.pl --name=Computer_System_Onchip_SRAM --dir=C:/Users/bfort/AppData/Local/Temp/alt8964_1077092410478140525.dir/0015_Onchip_SRAM_gen/ --quartus_dir=C:/intelfpga/21.1/quartus --verilog --config=C:/Users/bfort/AppData/Local/Temp/alt8964_1077092410478140525.dir/0015_Onchip_SRAM_gen//Computer_System_Onchip_SRAM_component_configuration.pl  --do_build_sim=0  ]
Info: Onchip_SRAM: Done RTL generation for module 'Computer_System_Onchip_SRAM'
Info: Onchip_SRAM: "Computer_System" instantiated altera_avalon_onchip_memory2 "Onchip_SRAM"
Info: PS2_Port: Starting Generation of PS2 Controller
Info: PS2_Port: "Computer_System" instantiated altera_up_avalon_ps2 "PS2_Port"
Info: Pushbuttons: Starting RTL generation for module 'Computer_System_Pushbuttons'
Info: Pushbuttons:   Generation command is [exec C:/intelfpga/21.1/quartus/bin64/perl/bin/perl.exe -I C:/intelfpga/21.1/quartus/bin64/perl/lib -I C:/intelfpga/21.1/quartus/sopc_builder/bin/europa -I C:/intelfpga/21.1/quartus/sopc_builder/bin -I C:/intelfpga/21.1/quartus/../ip/altera/sopc_builder_ip/common -I C:/intelfpga/21.1/quartus/../ip/altera/sopc_builder_ip/altera_avalon_pio -- C:/intelfpga/21.1/quartus/../ip/altera/sopc_builder_ip/altera_avalon_pio/generate_rtl.pl --name=Computer_System_Pushbuttons --dir=C:/Users/bfort/AppData/Local/Temp/alt8964_1077092410478140525.dir/0017_Pushbuttons_gen/ --quartus_dir=C:/intelfpga/21.1/quartus --verilog --config=C:/Users/bfort/AppData/Local/Temp/alt8964_1077092410478140525.dir/0017_Pushbuttons_gen//Computer_System_Pushbuttons_component_configuration.pl  --do_build_sim=0  ]
Info: Pushbuttons: Done RTL generation for module 'Computer_System_Pushbuttons'
Info: Pushbuttons: "Computer_System" instantiated altera_avalon_pio "Pushbuttons"
Info: SDRAM: "Computer_System" instantiated sdram_64mb "SDRAM"
Info: Slider_Switches: Starting RTL generation for module 'Computer_System_Slider_Switches'
Info: Slider_Switches:   Generation command is [exec C:/intelfpga/21.1/quartus/bin64/perl/bin/perl.exe -I C:/intelfpga/21.1/quartus/bin64/perl/lib -I C:/intelfpga/21.1/quartus/sopc_builder/bin/europa -I C:/intelfpga/21.1/quartus/sopc_builder/bin -I C:/intelfpga/21.1/quartus/../ip/altera/sopc_builder_ip/common -I C:/intelfpga/21.1/quartus/../ip/altera/sopc_builder_ip/altera_avalon_pio -- C:/intelfpga/21.1/quartus/../ip/altera/sopc_builder_ip/altera_avalon_pio/generate_rtl.pl --name=Computer_System_Slider_Switches --dir=C:/Users/bfort/AppData/Local/Temp/alt8964_1077092410478140525.dir/0019_Slider_Switches_gen/ --quartus_dir=C:/intelfpga/21.1/quartus --verilog --config=C:/Users/bfort/AppData/Local/Temp/alt8964_1077092410478140525.dir/0019_Slider_Switches_gen//Computer_System_Slider_Switches_component_configuration.pl  --do_build_sim=0  ]
Info: Slider_Switches: Done RTL generation for module 'Computer_System_Slider_Switches'
Info: Slider_Switches: "Computer_System" instantiated altera_avalon_pio "Slider_Switches"
Info: SysID: "Computer_System" instantiated altera_avalon_sysid_qsys "SysID"
Info: System_PLL: "Computer_System" instantiated altera_up_avalon_sys_sdram_pll "System_PLL"
Info: avalon_st_adapter: Inserting channel_adapter: channel_adapter_0
Info: VGA_Subsystem: "Computer_System" instantiated VGA_Subsystem "VGA_Subsystem"
Info: Video_In_Subsystem: "Computer_System" instantiated Video_In_Subsystem "Video_In_Subsystem"
Info: Video_PLL: "Computer_System" instantiated altera_up_avalon_video_pll "Video_PLL"
Info: Nios2_custom_instruction_master_translator: "Computer_System" instantiated altera_customins_master_translator "Nios2_custom_instruction_master_translator"
Info: Nios2_custom_instruction_master_multi_xconnect: "Computer_System" instantiated altera_customins_xconnect "Nios2_custom_instruction_master_multi_xconnect"
Info: Nios2_custom_instruction_master_multi_slave_translator0: "Computer_System" instantiated altera_customins_slave_translator "Nios2_custom_instruction_master_multi_slave_translator0"
Info: avalon_st_adapter: Inserting error_adapter: error_adapter_0
Info: avalon_st_adapter_001: Inserting error_adapter: error_adapter_0
Info: avalon_st_adapter_002: Inserting error_adapter: error_adapter_0
Info: avalon_st_adapter_003: Inserting error_adapter: error_adapter_0
Info: avalon_st_adapter_004: Inserting error_adapter: error_adapter_0
Info: avalon_st_adapter_005: Inserting error_adapter: error_adapter_0
Info: avalon_st_adapter_006: Inserting error_adapter: error_adapter_0
Info: avalon_st_adapter_007: Inserting error_adapter: error_adapter_0
Info: avalon_st_adapter_008: Inserting error_adapter: error_adapter_0
Info: avalon_st_adapter_009: Inserting error_adapter: error_adapter_0
Info: avalon_st_adapter_010: Inserting error_adapter: error_adapter_0
Info: avalon_st_adapter_011: Inserting error_adapter: error_adapter_0
Info: avalon_st_adapter_012: Inserting error_adapter: error_adapter_0
Info: avalon_st_adapter_013: Inserting error_adapter: error_adapter_0
Info: avalon_st_adapter_014: Inserting error_adapter: error_adapter_0
Info: avalon_st_adapter_015: Inserting error_adapter: error_adapter_0
Info: avalon_st_adapter_016: Inserting error_adapter: error_adapter_0
Info: avalon_st_adapter_017: Inserting error_adapter: error_adapter_0
Info: avalon_st_adapter_018: Inserting error_adapter: error_adapter_0
Info: avalon_st_adapter_019: Inserting error_adapter: error_adapter_0
Info: avalon_st_adapter_020: Inserting error_adapter: error_adapter_0
Info: avalon_st_adapter_021: Inserting error_adapter: error_adapter_0
Info: avalon_st_adapter_022: Inserting error_adapter: error_adapter_0
Info: avalon_st_adapter_023: Inserting error_adapter: error_adapter_0
Info: avalon_st_adapter_024: Inserting error_adapter: error_adapter_0
Info: avalon_st_adapter_025: Inserting error_adapter: error_adapter_0
Info: avalon_st_adapter_026: Inserting error_adapter: error_adapter_0
Info: avalon_st_adapter_027: Inserting error_adapter: error_adapter_0
Info: avalon_st_adapter_028: Inserting error_adapter: error_adapter_0
Info: avalon_st_adapter_029: Inserting error_adapter: error_adapter_0
Info: avalon_st_adapter_030: Inserting error_adapter: error_adapter_0
Info: avalon_st_adapter_031: Inserting error_adapter: error_adapter_0
Info: avalon_st_adapter_032: Inserting error_adapter: error_adapter_0
Info: avalon_st_adapter_033: Inserting error_adapter: error_adapter_0
Info: avalon_st_adapter_034: Inserting error_adapter: error_adapter_0
Info: avalon_st_adapter_035: Inserting error_adapter: error_adapter_0
Info: avalon_st_adapter_036: Inserting error_adapter: error_adapter_0
Info: avalon_st_adapter_037: Inserting error_adapter: error_adapter_0
Info: avalon_st_adapter_038: Inserting error_adapter: error_adapter_0
Info: mm_interconnect_0: "Computer_System" instantiated altera_mm_interconnect "mm_interconnect_0"
Info: mm_interconnect_1: "Computer_System" instantiated altera_mm_interconnect "mm_interconnect_1"
Info: irq_mapper: "Computer_System" instantiated altera_irq_mapper "irq_mapper"
Info: irq_mapper_001: "Computer_System" instantiated altera_irq_mapper "irq_mapper_001"
Info: rst_controller: "Computer_System" instantiated altera_reset_controller "rst_controller"
Info: fpga_interfaces: "ARM_A9_HPS" instantiated altera_interface_generator "fpga_interfaces"
Info: hps_io: "ARM_A9_HPS" instantiated altera_hps_io "hps_io"
Info: Audio: Starting Generation of Audio Controller
Info: Audio: "Audio_Subsystem" instantiated altera_up_avalon_audio "Audio"
Warning: Overwriting different file C:/Perforce/Main/Computer_Systems/DE1-SoC/DE1-SoC_Computer/verilog/Computer_System/synthesis/submodules/altera_up_sync_fifo.v
Info: Audio_PLL: "Audio_Subsystem" instantiated altera_up_avalon_audio_pll "Audio_PLL"
Info: jtag_phy_embedded_in_jtag_master: "JTAG_to_FPGA_Bridge" instantiated altera_jtag_dc_streaming "jtag_phy_embedded_in_jtag_master"
Info: timing_adt: "JTAG_to_FPGA_Bridge" instantiated timing_adapter "timing_adt"
Info: fifo: "JTAG_to_FPGA_Bridge" instantiated altera_avalon_sc_fifo "fifo"
Info: b2p: "JTAG_to_FPGA_Bridge" instantiated altera_avalon_st_bytes_to_packets "b2p"
Info: p2b: "JTAG_to_FPGA_Bridge" instantiated altera_avalon_st_packets_to_bytes "p2b"
Info: transacto: "JTAG_to_FPGA_Bridge" instantiated altera_avalon_packets_to_master "transacto"
Info: b2p_adapter: "JTAG_to_FPGA_Bridge" instantiated channel_adapter "b2p_adapter"
Info: p2b_adapter: "JTAG_to_FPGA_Bridge" instantiated channel_adapter "p2b_adapter"
Info: cpu: Starting RTL generation for module 'Computer_System_Nios2_cpu'
Info: cpu:   Generation command is [exec C:/intelFPGA/21.1/quartus/bin64//perl/bin/perl.exe -I C:/intelFPGA/21.1/quartus/bin64//perl/lib -I C:/intelfpga/21.1/quartus/sopc_builder/bin/europa -I C:/intelfpga/21.1/quartus/sopc_builder/bin -I C:/intelfpga/21.1/quartus/../ip/altera/nios2_ip/altera_nios2_gen2/cpu_lib -I C:/intelfpga/21.1/quartus/../ip/altera/nios2_ip/altera_nios2_gen2/nios_lib -I C:/intelfpga/21.1/quartus/../ip/altera/nios2_ip/altera_nios2_gen2 -I C:/intelfpga/21.1/quartus/../ip/altera/nios2_ip/altera_nios2_gen2 -- C:/intelfpga/21.1/quartus/../ip/altera/nios2_ip/altera_nios2_gen2/generate_rtl.pl --name=Computer_System_Nios2_cpu --dir=C:/Users/bfort/AppData/Local/Temp/alt8964_1077092410478140525.dir/0037_cpu_gen/ --quartus_bindir=C:/intelFPGA/21.1/quartus/bin64/ --verilog --config=C:/Users/bfort/AppData/Local/Temp/alt8964_1077092410478140525.dir/0037_cpu_gen//Computer_System_Nios2_cpu_processor_configuration.pl  --do_build_sim=0  ]
Info: cpu: # 2021.12.02 20:18:47 (*) Starting Nios II generation
Info: cpu: # 2021.12.02 20:18:47 (*)   Elaborating CPU configuration settings
Info: cpu: # 2021.12.02 20:18:47 (*)   Creating all objects for CPU
Info: cpu: # 2021.12.02 20:18:47 (*)     Testbench
Info: cpu: # 2021.12.02 20:18:47 (*)     Instruction decoding
Info: cpu: # 2021.12.02 20:18:47 (*)       Instruction fields
Info: cpu: # 2021.12.02 20:18:47 (*)       Instruction decodes
Info: cpu: # 2021.12.02 20:18:47 (*)       Signals for RTL simulation waveforms
Info: cpu: # 2021.12.02 20:18:47 (*)       Instruction controls
Info: cpu: # 2021.12.02 20:18:47 (*)     Pipeline frontend
Info: cpu: # 2021.12.02 20:18:47 (*)     Pipeline backend
Info: cpu: # 2021.12.02 20:18:49 (*)   Generating RTL from CPU objects
Info: cpu: # 2021.12.02 20:18:49 (*)   Creating plain-text RTL
Info: cpu: # 2021.12.02 20:18:50 (*) Done Nios II generation
Info: cpu: Done RTL generation for module 'Computer_System_Nios2_cpu'
Info: cpu: "Nios2" instantiated altera_nios2_gen2_unit "cpu"
Info: cpu: Starting RTL generation for module 'Computer_System_Nios2_2nd_Core_cpu'
Info: cpu:   Generation command is [exec C:/intelFPGA/21.1/quartus/bin64//perl/bin/perl.exe -I C:/intelFPGA/21.1/quartus/bin64//perl/lib -I C:/intelfpga/21.1/quartus/sopc_builder/bin/europa -I C:/intelfpga/21.1/quartus/sopc_builder/bin -I C:/intelfpga/21.1/quartus/../ip/altera/nios2_ip/altera_nios2_gen2/cpu_lib -I C:/intelfpga/21.1/quartus/../ip/altera/nios2_ip/altera_nios2_gen2/nios_lib -I C:/intelfpga/21.1/quartus/../ip/altera/nios2_ip/altera_nios2_gen2 -I C:/intelfpga/21.1/quartus/../ip/altera/nios2_ip/altera_nios2_gen2 -- C:/intelfpga/21.1/quartus/../ip/altera/nios2_ip/altera_nios2_gen2/generate_rtl.pl --name=Computer_System_Nios2_2nd_Core_cpu --dir=C:/Users/bfort/AppData/Local/Temp/alt8964_1077092410478140525.dir/0038_cpu_gen/ --quartus_bindir=C:/intelFPGA/21.1/quartus/bin64/ --verilog --config=C:/Users/bfort/AppData/Local/Temp/alt8964_1077092410478140525.dir/0038_cpu_gen//Computer_System_Nios2_2nd_Core_cpu_processor_configuration.pl  --do_build_sim=0  ]
Info: cpu: # 2021.12.02 20:18:51 (*) Starting Nios II generation
Info: cpu: # 2021.12.02 20:18:51 (*)   Elaborating CPU configuration settings
Info: cpu: # 2021.12.02 20:18:51 (*)   Creating all objects for CPU
Info: cpu: # 2021.12.02 20:18:51 (*)     Testbench
Info: cpu: # 2021.12.02 20:18:51 (*)     Instruction decoding
Info: cpu: # 2021.12.02 20:18:51 (*)       Instruction fields
Info: cpu: # 2021.12.02 20:18:51 (*)       Instruction decodes
Info: cpu: # 2021.12.02 20:18:51 (*)       Signals for RTL simulation waveforms
Info: cpu: # 2021.12.02 20:18:51 (*)       Instruction controls
Info: cpu: # 2021.12.02 20:18:51 (*)     Pipeline frontend
Info: cpu: # 2021.12.02 20:18:51 (*)     Pipeline backend
Info: cpu: # 2021.12.02 20:18:53 (*)   Generating RTL from CPU objects
Info: cpu: # 2021.12.02 20:18:53 (*)   Creating plain-text RTL
Info: cpu: # 2021.12.02 20:18:54 (*) Done Nios II generation
Info: cpu: Done RTL generation for module 'Computer_System_Nios2_2nd_Core_cpu'
Info: cpu: "Nios2_2nd_Core" instantiated altera_nios2_gen2_unit "cpu"
Info: Reusing file C:/Perforce/Main/Computer_Systems/DE1-SoC/DE1-SoC_Computer/verilog/Computer_System/synthesis/submodules/altera_nios2_gen2_rtl_module.sv
Info: Reusing file C:/Perforce/Main/Computer_Systems/DE1-SoC/DE1-SoC_Computer/verilog/Computer_System/synthesis/submodules/altera_nios2_gen2_rtl_module.ocp
Info: sys_pll: "System_PLL" instantiated altera_pll "sys_pll"
Info: reset_from_locked: "System_PLL" instantiated altera_up_avalon_reset_from_locked_signal "reset_from_locked"
Info: Interconnect is inserted between master Char_Buf_DMA.avalon_dma_master and slave Onchip_SRAM.s2 because the master has address signal 32 bit wide, but the slave is 11 bit wide.
Info: Interconnect is inserted between master Char_Buf_DMA.avalon_dma_master and slave Onchip_SRAM.s2 because the master has waitrequest signal 1 bit wide, but the slave is 0 bit wide.
Info: Interconnect is inserted between master Char_Buf_DMA.avalon_dma_master and slave Onchip_SRAM.s2 because the master has lock signal 1 bit wide, but the slave is 0 bit wide.
Info: Interconnect is inserted between master Char_Buf_DMA.avalon_dma_master and slave Onchip_SRAM.s2 because the master has read signal 1 bit wide, but the slave is 0 bit wide.
Info: Interconnect is inserted between master Char_Buf_DMA.avalon_dma_master and slave Onchip_SRAM.s2 because the master has readdata signal 8 bit wide, but the slave is 32 bit wide.
Info: Interconnect is inserted between master Char_Buf_DMA.avalon_dma_master and slave Onchip_SRAM.s2 because the master has readdatavalid signal 1 bit wide, but the slave is 0 bit wide.
Info: Char_Buf_Subsystem: "VGA_Subsystem" instantiated Char_Buf_Subsystem "Char_Buf_Subsystem"
Info: VGA_Alpha_Blender: Starting Generation of the Alpha Blender
Info: VGA_Alpha_Blender: "VGA_Subsystem" instantiated altera_up_avalon_video_alpha_blender "VGA_Alpha_Blender"
Info: VGA_Controller: Starting Generation of VGA Controller
Info: VGA_Controller: "VGA_Subsystem" instantiated altera_up_avalon_video_vga_controller "VGA_Controller"
Info: VGA_Dual_Clock_FIFO: Starting Generation of the Dual Clock Buffer
Info: VGA_Dual_Clock_FIFO: "VGA_Subsystem" instantiated altera_up_avalon_video_dual_clock_buffer "VGA_Dual_Clock_FIFO"
Info: VGA_Pixel_DMA: Starting Generation of Video DMA Controller
Info: VGA_Pixel_DMA: "VGA_Subsystem" instantiated altera_up_avalon_video_dma_controller "VGA_Pixel_DMA"
Info: VGA_Pixel_FIFO: Starting Generation of the Dual Clock Buffer
Info: VGA_Pixel_FIFO: "VGA_Subsystem" instantiated altera_up_avalon_video_dual_clock_buffer "VGA_Pixel_FIFO"
Info: VGA_Pixel_RGB_Resampler: Starting Generation of Video RGB Resampler
Info: VGA_Pixel_RGB_Resampler: "VGA_Subsystem" instantiated altera_up_avalon_video_rgb_resampler "VGA_Pixel_RGB_Resampler"
Info: VGA_Pixel_Scaler: Starting Generation of Video Scaler
Info: VGA_Pixel_Scaler: "VGA_Subsystem" instantiated altera_up_avalon_video_scaler "VGA_Pixel_Scaler"
Info: avalon_st_adapter: "VGA_Subsystem" instantiated altera_avalon_st_adapter "avalon_st_adapter"
Info: Video_In: Starting Generation of Video In Decoder
Info: Video_In: "Video_In_Subsystem" instantiated altera_up_avalon_video_decoder "Video_In"
Info: Video_In_CSC: Starting Generation of Colour Space Converter
Info: Video_In_CSC: "Video_In_Subsystem" instantiated altera_up_avalon_video_csc "Video_In_CSC"
Info: Video_In_Chroma_Resampler: Starting Generation of Chroma Resampler
Info: Video_In_Chroma_Resampler: "Video_In_Subsystem" instantiated altera_up_avalon_video_chroma_resampler "Video_In_Chroma_Resampler"
Info: Video_In_Clipper: Starting generation of the video clipper
Info: Video_In_Clipper: "Video_In_Subsystem" instantiated altera_up_avalon_video_clipper "Video_In_Clipper"
Info: Video_In_DMA: Starting Generation of Video DMA Controller
Info: Video_In_DMA: "Video_In_Subsystem" instantiated altera_up_avalon_video_dma_controller "Video_In_DMA"
Info: Reusing file C:/Perforce/Main/Computer_Systems/DE1-SoC/DE1-SoC_Computer/verilog/Computer_System/synthesis/submodules/altera_up_video_dma_control_slave.v
Info: Reusing file C:/Perforce/Main/Computer_Systems/DE1-SoC/DE1-SoC_Computer/verilog/Computer_System/synthesis/submodules/altera_up_video_dma_to_memory.v
Info: Reusing file C:/Perforce/Main/Computer_Systems/DE1-SoC/DE1-SoC_Computer/verilog/Computer_System/synthesis/submodules/altera_up_video_dma_to_stream.v
Info: Video_In_Edge_Detection_Subsystem: "Video_In_Subsystem" instantiated Video_In_Edge_Detection_Subsystem "Video_In_Edge_Detection_Subsystem"
Info: Video_In_RGB_Resampler: Starting Generation of Video RGB Resampler
Info: Video_In_RGB_Resampler: "Video_In_Subsystem" instantiated altera_up_avalon_video_rgb_resampler "Video_In_RGB_Resampler"
Info: Video_In_Scaler: Starting Generation of Video Scaler
Info: Video_In_Scaler: "Video_In_Subsystem" instantiated altera_up_avalon_video_scaler "Video_In_Scaler"
Info: Reusing file C:/Perforce/Main/Computer_Systems/DE1-SoC/DE1-SoC_Computer/verilog/Computer_System/synthesis/submodules/altera_up_video_scaler_shrink.v
Info: Reusing file C:/Perforce/Main/Computer_Systems/DE1-SoC/DE1-SoC_Computer/verilog/Computer_System/synthesis/submodules/altera_up_video_scaler_multiply_width.v
Info: Reusing file C:/Perforce/Main/Computer_Systems/DE1-SoC/DE1-SoC_Computer/verilog/Computer_System/synthesis/submodules/altera_up_video_scaler_multiply_height.v
Info: video_pll: "Video_PLL" instantiated altera_pll "video_pll"
Info: Nios2_data_master_translator: "mm_interconnect_0" instantiated altera_merlin_master_translator "Nios2_data_master_translator"
Info: ADC_adc_slave_translator: "mm_interconnect_0" instantiated altera_merlin_slave_translator "ADC_adc_slave_translator"
Info: ARM_A9_HPS_h2f_lw_axi_master_agent: "mm_interconnect_0" instantiated altera_merlin_axi_master_ni "ARM_A9_HPS_h2f_lw_axi_master_agent"
Info: Nios2_data_master_agent: "mm_interconnect_0" instantiated altera_merlin_master_agent "Nios2_data_master_agent"
Info: ADC_adc_slave_agent: "mm_interconnect_0" instantiated altera_merlin_slave_agent "ADC_adc_slave_agent"
Info: router: "mm_interconnect_0" instantiated altera_merlin_router "router"
Info: router_002: "mm_interconnect_0" instantiated altera_merlin_router "router_002"
Info: router_003: "mm_interconnect_0" instantiated altera_merlin_router "router_003"
Info: router_004: "mm_interconnect_0" instantiated altera_merlin_router "router_004"
Info: router_005: "mm_interconnect_0" instantiated altera_merlin_router "router_005"
Info: router_006: "mm_interconnect_0" instantiated altera_merlin_router "router_006"
Info: router_007: "mm_interconnect_0" instantiated altera_merlin_router "router_007"
Info: router_008: "mm_interconnect_0" instantiated altera_merlin_router "router_008"
Info: router_010: "mm_interconnect_0" instantiated altera_merlin_router "router_010"
Info: router_011: "mm_interconnect_0" instantiated altera_merlin_router "router_011"
Info: router_012: "mm_interconnect_0" instantiated altera_merlin_router "router_012"
Info: router_013: "mm_interconnect_0" instantiated altera_merlin_router "router_013"
Info: router_014: "mm_interconnect_0" instantiated altera_merlin_router "router_014"
Info: router_029: "mm_interconnect_0" instantiated altera_merlin_router "router_029"
Info: router_032: "mm_interconnect_0" instantiated altera_merlin_router "router_032"
Info: router_037: "mm_interconnect_0" instantiated altera_merlin_router "router_037"
Info: router_038: "mm_interconnect_0" instantiated altera_merlin_router "router_038"
Info: router_039: "mm_interconnect_0" instantiated altera_merlin_router "router_039"
Info: router_040: "mm_interconnect_0" instantiated altera_merlin_router "router_040"
Info: router_041: "mm_interconnect_0" instantiated altera_merlin_router "router_041"
Info: router_042: "mm_interconnect_0" instantiated altera_merlin_router "router_042"
Info: router_043: "mm_interconnect_0" instantiated altera_merlin_router "router_043"
Info: router_044: "mm_interconnect_0" instantiated altera_merlin_router "router_044"
Info: router_047: "mm_interconnect_0" instantiated altera_merlin_router "router_047"
Info: router_048: "mm_interconnect_0" instantiated altera_merlin_router "router_048"
Info: router_051: "mm_interconnect_0" instantiated altera_merlin_router "router_051"
Info: router_052: "mm_interconnect_0" instantiated altera_merlin_router "router_052"
Info: ARM_A9_HPS_h2f_lw_axi_master_wr_limiter: "mm_interconnect_0" instantiated altera_merlin_traffic_limiter "ARM_A9_HPS_h2f_lw_axi_master_wr_limiter"
Info: Reusing file C:/Perforce/Main/Computer_Systems/DE1-SoC/DE1-SoC_Computer/verilog/Computer_System/synthesis/submodules/altera_avalon_sc_fifo.v
Info: Reusing file C:/Perforce/Main/Computer_Systems/DE1-SoC/DE1-SoC_Computer/verilog/Computer_System/synthesis/submodules/altera_avalon_st_pipeline_base.v
Info: ADC_adc_slave_burst_adapter: "mm_interconnect_0" instantiated altera_merlin_burst_adapter "ADC_adc_slave_burst_adapter"
Info: Reusing file C:/Perforce/Main/Computer_Systems/DE1-SoC/DE1-SoC_Computer/verilog/Computer_System/synthesis/submodules/altera_merlin_address_alignment.sv
Info: Reusing file C:/Perforce/Main/Computer_Systems/DE1-SoC/DE1-SoC_Computer/verilog/Computer_System/synthesis/submodules/altera_avalon_st_pipeline_stage.sv
Info: Reusing file C:/Perforce/Main/Computer_Systems/DE1-SoC/DE1-SoC_Computer/verilog/Computer_System/synthesis/submodules/altera_avalon_st_pipeline_base.v
Info: cmd_demux: "mm_interconnect_0" instantiated altera_merlin_demultiplexer "cmd_demux"
Info: cmd_demux_002: "mm_interconnect_0" instantiated altera_merlin_demultiplexer "cmd_demux_002"
Info: cmd_demux_004: "mm_interconnect_0" instantiated altera_merlin_demultiplexer "cmd_demux_004"
Info: cmd_demux_005: "mm_interconnect_0" instantiated altera_merlin_demultiplexer "cmd_demux_005"
Info: cmd_demux_007: "mm_interconnect_0" instantiated altera_merlin_demultiplexer "cmd_demux_007"
Info: cmd_demux_008: "mm_interconnect_0" instantiated altera_merlin_demultiplexer "cmd_demux_008"
Info: cmd_demux_010: "mm_interconnect_0" instantiated altera_merlin_demultiplexer "cmd_demux_010"
Info: cmd_demux_011: "mm_interconnect_0" instantiated altera_merlin_demultiplexer "cmd_demux_011"
Info: cmd_mux: "mm_interconnect_0" instantiated altera_merlin_multiplexer "cmd_mux"
Info: cmd_mux_015: "mm_interconnect_0" instantiated altera_merlin_multiplexer "cmd_mux_015"
Info: Reusing file C:/Perforce/Main/Computer_Systems/DE1-SoC/DE1-SoC_Computer/verilog/Computer_System/synthesis/submodules/altera_merlin_arbitrator.sv
Info: cmd_mux_018: "mm_interconnect_0" instantiated altera_merlin_multiplexer "cmd_mux_018"
Info: Reusing file C:/Perforce/Main/Computer_Systems/DE1-SoC/DE1-SoC_Computer/verilog/Computer_System/synthesis/submodules/altera_merlin_arbitrator.sv
Info: cmd_mux_027: "mm_interconnect_0" instantiated altera_merlin_multiplexer "cmd_mux_027"
Info: Reusing file C:/Perforce/Main/Computer_Systems/DE1-SoC/DE1-SoC_Computer/verilog/Computer_System/synthesis/submodules/altera_merlin_arbitrator.sv
Info: cmd_mux_028: "mm_interconnect_0" instantiated altera_merlin_multiplexer "cmd_mux_028"
Info: Reusing file C:/Perforce/Main/Computer_Systems/DE1-SoC/DE1-SoC_Computer/verilog/Computer_System/synthesis/submodules/altera_merlin_arbitrator.sv
Info: cmd_mux_030: "mm_interconnect_0" instantiated altera_merlin_multiplexer "cmd_mux_030"
Info: Reusing file C:/Perforce/Main/Computer_Systems/DE1-SoC/DE1-SoC_Computer/verilog/Computer_System/synthesis/submodules/altera_merlin_arbitrator.sv
Info: cmd_mux_033: "mm_interconnect_0" instantiated altera_merlin_multiplexer "cmd_mux_033"
Info: Reusing file C:/Perforce/Main/Computer_Systems/DE1-SoC/DE1-SoC_Computer/verilog/Computer_System/synthesis/submodules/altera_merlin_arbitrator.sv
Info: rsp_demux: "mm_interconnect_0" instantiated altera_merlin_demultiplexer "rsp_demux"
Info: rsp_demux_015: "mm_interconnect_0" instantiated altera_merlin_demultiplexer "rsp_demux_015"
Info: rsp_demux_018: "mm_interconnect_0" instantiated altera_merlin_demultiplexer "rsp_demux_018"
Info: rsp_demux_027: "mm_interconnect_0" instantiated altera_merlin_demultiplexer "rsp_demux_027"
Info: rsp_demux_028: "mm_interconnect_0" instantiated altera_merlin_demultiplexer "rsp_demux_028"
Info: rsp_demux_030: "mm_interconnect_0" instantiated altera_merlin_demultiplexer "rsp_demux_030"
Info: rsp_mux: "mm_interconnect_0" instantiated altera_merlin_multiplexer "rsp_mux"
Info: Reusing file C:/Perforce/Main/Computer_Systems/DE1-SoC/DE1-SoC_Computer/verilog/Computer_System/synthesis/submodules/altera_merlin_arbitrator.sv
Info: rsp_mux_002: "mm_interconnect_0" instantiated altera_merlin_multiplexer "rsp_mux_002"
Info: Reusing file C:/Perforce/Main/Computer_Systems/DE1-SoC/DE1-SoC_Computer/verilog/Computer_System/synthesis/submodules/altera_merlin_arbitrator.sv
Info: rsp_mux_004: "mm_interconnect_0" instantiated altera_merlin_multiplexer "rsp_mux_004"
Info: Reusing file C:/Perforce/Main/Computer_Systems/DE1-SoC/DE1-SoC_Computer/verilog/Computer_System/synthesis/submodules/altera_merlin_arbitrator.sv
Info: rsp_mux_005: "mm_interconnect_0" instantiated altera_merlin_multiplexer "rsp_mux_005"
Info: Reusing file C:/Perforce/Main/Computer_Systems/DE1-SoC/DE1-SoC_Computer/verilog/Computer_System/synthesis/submodules/altera_merlin_arbitrator.sv
Info: rsp_mux_007: "mm_interconnect_0" instantiated altera_merlin_multiplexer "rsp_mux_007"
Info: Reusing file C:/Perforce/Main/Computer_Systems/DE1-SoC/DE1-SoC_Computer/verilog/Computer_System/synthesis/submodules/altera_merlin_arbitrator.sv
Info: rsp_mux_008: "mm_interconnect_0" instantiated altera_merlin_multiplexer "rsp_mux_008"
Info: Reusing file C:/Perforce/Main/Computer_Systems/DE1-SoC/DE1-SoC_Computer/verilog/Computer_System/synthesis/submodules/altera_merlin_arbitrator.sv
Info: rsp_mux_011: "mm_interconnect_0" instantiated altera_merlin_multiplexer "rsp_mux_011"
Info: Reusing file C:/Perforce/Main/Computer_Systems/DE1-SoC/DE1-SoC_Computer/verilog/Computer_System/synthesis/submodules/altera_merlin_arbitrator.sv
Info: Nios2_data_master_to_SDRAM_s1_cmd_width_adapter: "mm_interconnect_0" instantiated altera_merlin_width_adapter "Nios2_data_master_to_SDRAM_s1_cmd_width_adapter"
Info: Reusing file C:/Perforce/Main/Computer_Systems/DE1-SoC/DE1-SoC_Computer/verilog/Computer_System/synthesis/submodules/altera_merlin_address_alignment.sv
Info: Reusing file C:/Perforce/Main/Computer_Systems/DE1-SoC/DE1-SoC_Computer/verilog/Computer_System/synthesis/submodules/altera_merlin_burst_uncompressor.sv
Info: avalon_st_adapter: "mm_interconnect_0" instantiated altera_avalon_st_adapter "avalon_st_adapter"
Info: avalon_st_adapter_027: "mm_interconnect_0" instantiated altera_avalon_st_adapter "avalon_st_adapter_027"
Info: ARM_A9_HPS_f2h_axi_slave_agent: "mm_interconnect_1" instantiated altera_merlin_axi_slave_ni "ARM_A9_HPS_f2h_axi_slave_agent"
Info: Reusing file C:/Perforce/Main/Computer_Systems/DE1-SoC/DE1-SoC_Computer/verilog/Computer_System/synthesis/submodules/altera_merlin_burst_uncompressor.sv
Info: Reusing file C:/Perforce/Main/Computer_Systems/DE1-SoC/DE1-SoC_Computer/verilog/Computer_System/synthesis/submodules/altera_avalon_sc_fifo.v
Info: Reusing file C:/Perforce/Main/Computer_Systems/DE1-SoC/DE1-SoC_Computer/verilog/Computer_System/synthesis/submodules/altera_merlin_address_alignment.sv
Info: router: "mm_interconnect_1" instantiated altera_merlin_router "router"
Info: router_004: "mm_interconnect_1" instantiated altera_merlin_router "router_004"
Info: cmd_demux: "mm_interconnect_1" instantiated altera_merlin_demultiplexer "cmd_demux"
Info: cmd_mux: "mm_interconnect_1" instantiated altera_merlin_multiplexer "cmd_mux"
Info: Reusing file C:/Perforce/Main/Computer_Systems/DE1-SoC/DE1-SoC_Computer/verilog/Computer_System/synthesis/submodules/altera_merlin_arbitrator.sv
Info: rsp_demux: "mm_interconnect_1" instantiated altera_merlin_demultiplexer "rsp_demux"
Info: rsp_mux: "mm_interconnect_1" instantiated altera_merlin_multiplexer "rsp_mux"
Info: Reusing file C:/Perforce/Main/Computer_Systems/DE1-SoC/DE1-SoC_Computer/verilog/Computer_System/synthesis/submodules/altera_merlin_arbitrator.sv
Error: border: Error during execution of script generate_hps_sdram.tcl: seq: Error during execution of "{C:/intelfpga/21.1/quartus/../nios2eds/Nios II Command Shell.bat} make all 2>> stderr.txt": child process exited abnormally
Error: border: Error during execution of script generate_hps_sdram.tcl: seq: Execution of command "{C:/intelfpga/21.1/quartus/../nios2eds/Nios II Command Shell.bat} make all 2>> stderr.txt" failed
Error: border: Error during execution of script generate_hps_sdram.tcl: seq: /mnt/c/intelfpga/21.1/quartus/bin64/uniphy_mcc.exe -ac_code sequencer_mc/ac_rom.s -inst_code sequencer_mc/inst_rom.s -ac_rom ../hps_AC_ROM.hex -inst_rom ../hps_inst_ROM.hex -header sequencer/sequencer_auto.h -vheader ../sequencer_auto_h.sv -ac_rom_init sequencer/sequencer_auto_ac_init.c -inst_rom_init sequencer/sequencer_auto_inst_init.c -DAC_ROM_USER_ADD_0=0_0000_0000_0000 -DAC_ROM_USER_ADD_1=0_0000_0000_1000 -DAC_ROM_MR0=0010000110001 -DAC_ROM_MR0_CALIB= -DAC_ROM_MR0_DLL_RESET=0010100110000 -DAC_ROM_MR1=0000001000100 -DAC_ROM_MR1_OCD_ENABLE= -DAC_ROM_MR2=0000000010000 -DAC_ROM_MR3=0000000000000 -DAC_ROM_MR0_MIRR=0010001001001 -DAC_ROM_MR0_DLL_RESET_MIRR=0010011001000 -DAC_ROM_MR1_MIRR=0000000100100 -DAC_ROM_MR2_MIRR=0000000001000 -DAC_ROM_MR3_MIRR=0000000000000 -DQUARTER_RATE=0 -DHALF_RATE=0 -DFULL_RATE=1 -DNON_DES_CAL=0 -DAP_MODE=0 -DGUARANTEED_READ_BRINGUP_TEST=0 -DMEM_ADDR_WIDTH=13 -DHARD_PHY=1
Error: border: Error during execution of script generate_hps_sdram.tcl: seq: UniPHY Sequencer Microcode Compiler
Error: border: Error during execution of script generate_hps_sdram.tcl: seq: Copyright (C) 2021  Intel Corporation. All rights reserved.
Error: border: Error during execution of script generate_hps_sdram.tcl: seq: Info: Reading sequencer_mc/ac_rom.s ...
Error: border: Error during execution of script generate_hps_sdram.tcl: seq: Info: Reading sequencer_mc/inst_rom.s ...
Error: border: Error during execution of script generate_hps_sdram.tcl: seq: Info: Writing ../hps_AC_ROM.hex ...
Error: border: Error during execution of script generate_hps_sdram.tcl: seq: Info: Writing ../hps_inst_ROM.hex ...
Error: border: Error during execution of script generate_hps_sdram.tcl: seq: Info: Writing sequencer/sequencer_auto_ac_init.c ...
Error: border: Error during execution of script generate_hps_sdram.tcl: seq: Makefile:27: recipe for target 'mc' failed
Error: border: Error during execution of script generate_hps_sdram.tcl: seq: child process exited abnormally
Error: border: Error during execution of script generate_hps_sdram.tcl: Generation stopped, 3 or more modules remaining
Error: border: Execution of script generate_hps_sdram.tcl failed
Error: border: 2021.12.02.20:19:06 Info:
Error: border: ********************************************************************************************************************
Error: border: 
Error: border: Use qsys-generate for a simpler command-line interface for generating IP.
Error: border: 
Error: border: Run ip-generate with switch --remove-qsys-generate-warning to prevent this notice from appearing in subsequent runs.
Error: border: 
Error: border: ********************************************************************************************************************
Error: border: 2021.12.02.20:19:09 Warning: Ignored parameter assignment device=5CSEMA5F31C6
Error: border: 2021.12.02.20:19:09 Warning: Ignored parameter assignment extended_family_support=true
Error: border: 2021.12.02.20:19:15 Warning: hps_sdram: 'Quick' simulation modes are NOT timing accurate. Some simulation memory models may issue warnings or errors
Error: border: 2021.12.02.20:19:15 Warning: hps_sdram.seq: This module has no ports or interfaces
Error: border: 2021.12.02.20:19:15 Warning: hps_sdram.p0: p0.scc must be exported, or connected to a matching conduit.
Error: border: 2021.12.02.20:19:15 Warning: hps_sdram.as: as.afi_init_cal_req must be exported, or connected to a matching conduit.
Error: border: 2021.12.02.20:19:15 Warning: hps_sdram.as: as.tracking must be exported, or connected to a matching conduit.
Error: border: 2021.12.02.20:19:15 Warning: hps_sdram.c0: c0.status must be exported, or connected to a matching conduit.
Error: border: 2021.12.02.20:19:15 Warning: hps_sdram.p0: p0.avl must be connected to an Avalon-MM master
Error: border: 2021.12.02.20:19:15 Info: hps_sdram: Generating altera_mem_if_hps_emif "hps_sdram" for QUARTUS_SYNTH
Error: border: 2021.12.02.20:19:17 Info: pll: "hps_sdram" instantiated altera_mem_if_hps_pll "pll"
Error: border: 2021.12.02.20:19:17 Info: p0: Generating clock pair generator
Error: border: 2021.12.02.20:19:18 Info: p0: Generating hps_sdram_p0_altdqdqs
Error: border: 2021.12.02.20:19:28 Info: p0:
Error: border: 2021.12.02.20:19:28 Info: p0: *****************************
Error: border: 2021.12.02.20:19:28 Info: p0:
Error: border: 2021.12.02.20:19:28 Info: p0: Remember to run the hps_sdram_p0_pin_assignments.tcl
Error: border: 2021.12.02.20:19:28 Info: p0: script after running Synthesis and before Fitting.
Error: border: 2021.12.02.20:19:28 Info: p0:
Error: border: 2021.12.02.20:19:28 Info: p0: *****************************
Error: border: 2021.12.02.20:19:28 Info: p0:
Error: border: 2021.12.02.20:19:28 Info: p0: "hps_sdram" instantiated altera_mem_if_ddr3_hard_phy_core "p0"
Error: border: 2021.12.02.20:19:30 Error: seq: Error during execution of "{C:/intelfpga/21.1/quartus/../nios2eds/Nios II Command Shell.bat} make all 2>> stderr.txt": child process exited abnormally
Error: border: 2021.12.02.20:19:30 Error: seq: Execution of command "{C:/intelfpga/21.1/quartus/../nios2eds/Nios II Command Shell.bat} make all 2>> stderr.txt" failed
Error: border: 2021.12.02.20:19:30 Error: seq: /mnt/c/intelfpga/21.1/quartus/bin64/uniphy_mcc.exe -ac_code sequencer_mc/ac_rom.s -inst_code sequencer_mc/inst_rom.s -ac_rom ../hps_AC_ROM.hex -inst_rom ../hps_inst_ROM.hex -header sequencer/sequencer_auto.h -vheader ../sequencer_auto_h.sv -ac_rom_init sequencer/sequencer_auto_ac_init.c -inst_rom_init sequencer/sequencer_auto_inst_init.c -DAC_ROM_USER_ADD_0=0_0000_0000_0000 -DAC_ROM_USER_ADD_1=0_0000_0000_1000 -DAC_ROM_MR0=0010000110001 -DAC_ROM_MR0_CALIB= -DAC_ROM_MR0_DLL_RESET=0010100110000 -DAC_ROM_MR1=0000001000100 -DAC_ROM_MR1_OCD_ENABLE= -DAC_ROM_MR2=0000000010000 -DAC_ROM_MR3=0000000000000 -DAC_ROM_MR0_MIRR=0010001001001 -DAC_ROM_MR0_DLL_RESET_MIRR=0010011001000 -DAC_ROM_MR1_MIRR=0000000100100 -DAC_ROM_MR2_MIRR=0000000001000 -DAC_ROM_MR3_MIRR=0000000000000 -DQUARTER_RATE=0 -DHALF_RATE=0 -DFULL_RATE=1 -DNON_DES_CAL=0 -DAP_MODE=0 -DGUARANTEED_READ_BRINGUP_TEST=0 -DMEM_ADDR_WIDTH=13 -DHARD_PHY=1
Error: border: 2021.12.02.20:19:30 Error: seq: UniPHY Sequencer Microcode Compiler
Error: border: 2021.12.02.20:19:30 Error: seq: Copyright (C) 2021  Intel Corporation. All rights reserved.
Error: border: 2021.12.02.20:19:30 Error: seq: Info: Reading sequencer_mc/ac_rom.s ...
Error: border: 2021.12.02.20:19:30 Error: seq: Info: Reading sequencer_mc/inst_rom.s ...
Error: border: 2021.12.02.20:19:30 Error: seq: Info: Writing ../hps_AC_ROM.hex ...
Error: border: 2021.12.02.20:19:30 Error: seq: Info: Writing ../hps_inst_ROM.hex ...
Error: border: 2021.12.02.20:19:30 Error: seq: Info: Writing sequencer/sequencer_auto_ac_init.c ...
Error: border: 2021.12.02.20:19:30 Error: seq: Makefile:27: recipe for target 'mc' failed
Error: border: 2021.12.02.20:19:30 Error: seq: child process exited abnormally
Error: border: 2021.12.02.20:19:33 Info: seq: "hps_sdram" instantiated altera_mem_if_hhp_ddr3_qseq "seq"
Error: border: 2021.12.02.20:19:33 Error: Generation stopped, 3 or more modules remaining
Error: border: 2021.12.02.20:19:33 Info: hps_sdram: Done "hps_sdram" with 7 modules, 38 files
Error: border: Picked up _JAVA_OPTIONS: -Djava.net.preferIPv4Stack=true
Info: border: "hps_io" instantiated altera_interface_generator "border"
Error: Generation stopped, 20 or more modules remaining
Info: Computer_System: Done "Computer_System" with 160 modules, 279 files
Error: qsys-generate failed with exit code 1: 61 Errors, 23 Warnings
Info: Finished: Create HDL design files for synthesis
